// Jest Snapshot v1, https://goo.gl/fbAQLP

exports[`<CurrencySelect /> should math the snapshot 1`] = `
<body>
  <div>
    <div
      class="makeStyles-headerWrapper-1"
    >
      <header
        class="MuiPaper-root MuiAppBar-root MuiAppBar-positionStatic MuiAppBar-colorPrimary makeStyles-headerAppBar-2 MuiPaper-elevation4"
      >
        <div
          class="MuiToolbar-root MuiToolbar-regular MuiToolbar-gutters"
        >
          <a
            aria-disabled="false"
            class="MuiButtonBase-root MuiButton-root MuiButton-text makeStyles-headerButton-3"
            href="/"
            role="button"
            tabindex="0"
          >
            <span
              class="MuiButton-label"
            >
              Home
            </span>
            <span
              class="MuiTouchRipple-root"
            />
          </a>
          <a
            aria-disabled="false"
            class="MuiButtonBase-root MuiButton-root MuiButton-text makeStyles-headerButton-3"
            href="/questionnaire"
            role="button"
            tabindex="0"
          >
            <span
              class="MuiButton-label"
            >
              Questionnaire
            </span>
            <span
              class="MuiTouchRipple-root"
            />
          </a>
        </div>
      </header>
    </div>
  </div>
</body>
`;
