// Jest Snapshot v1, https://goo.gl/fbAQLP

exports[`<HomeHeader /> should match the snapshot 1`] = `
<body>
  <div>
    <header
      class="makeStyles-homeHeader-1"
    >
      <img
        alt="logo"
        class="makeStyles-headerLogo-2"
        src="reactLogo.svg"
      />
    </header>
  </div>
</body>
`;
